--------------------------------------------------------------------------------------
Timing Analyzer Summary
--------------------------------------------------------------------------------------

Type           : Worst-case tsu
Slack          : N/A
Required Time  : None
Actual Time    : 3.185 ns
From           : D1[7]
To             : P[7]~reg0
From Clock     : --
To Clock       : LOAD_MDR
Failed Paths   : 0

Type           : Worst-case tco
Slack          : N/A
Required Time  : None
Actual Time    : 7.228 ns
From           : P[4]~reg0
To             : P[4]
From Clock     : LOAD_MDR
To Clock       : --
Failed Paths   : 0

Type           : Worst-case th
Slack          : N/A
Required Time  : None
Actual Time    : -2.113 ns
From           : D2[7]
To             : P[7]~reg0
From Clock     : --
To Clock       : LOAD_MDR
Failed Paths   : 0

Type           : Total number of failed paths
Slack          : 
Required Time  : 
Actual Time    : 
From           : 
To             : 
From Clock     : 
To Clock       : 
Failed Paths   : 0

--------------------------------------------------------------------------------------

